// Jest Snapshot v1, https://goo.gl/fbAQLP

exports[`testing product area should render component 1`] = `
<Grid
  autoRows="40rem"
  gap="4rem 2rem"
  gridTemplateColumns={
    Object {
      "base": "repeat(4, 1fr)",
      "lg": "repeat(5, 1fr)",
      "md": "repeat(2, 1fr)",
      "mdX": "repeat(3, 1fr)",
      "xs": "1fr",
    }
  }
  marginTop="3rem"
  w="100%"
/>
`;
