// Jest Snapshot v1, https://goo.gl/fbAQLP

exports[`testing Header component should render header with default props 1`] = `
<Flex
  alignItems="center"
  backgroundColor="white"
  boxShadow="0px 0px 5px rgba(0, 0, 0, 0.25)"
  color="#4B4B4B"
  height="100%"
  justifyContent="space-between"
  paddingLeft={
    Object {
      "base": "50",
      "md": "8",
      "sm": "4",
      "xs": "2",
    }
  }
  paddingRight={
    Object {
      "base": "50",
      "md": "8",
      "sm": "4",
      "xs": "2",
    }
  }
  width="100%"
>
  <Box
    alignItems="center"
    className="menuBtn"
    cursor="pointer"
    display={
      Object {
        "base": "none",
        "xs": "flex",
      }
    }
    height="4"
    marginRight="1"
    onClick={[Function]}
    order="-2"
    padding="2"
    position="relative"
    width="4"
  >
    <Box
      bg="background.800"
      height="1px"
      width="100%"
    />
  </Box>
  <Flex
    alignItems={
      Object {
        "base": "unset",
        "xs": "flex-start",
      }
    }
    as="nav"
    bg={
      Object {
        "base": "unset",
        "xs": "white",
      }
    }
    borderColor="background.200"
    borderRight={
      Object {
        "base": "none",
        "xs": "1px solid",
      }
    }
    bottom="0"
    flexDirection={
      Object {
        "base": "row",
        "xs": "column",
      }
    }
    fontSize="sm"
    height={
      Object {
        "base": "100%",
        "xs": "100vh",
      }
    }
    justifyContent={
      Object {
        "base": "center",
        "xs": "flex-start",
      }
    }
    left="0"
    marginRight="1"
    position={
      Object {
        "base": "relative",
        "xs": "fixed",
      }
    }
    top="0"
    transform={
      Object {
        "base": "none",
        "xs": "translateX(-100%)",
      }
    }
    width={
      Object {
        "base": "auto",
        "xs": "30rem",
      }
    }
    zIndex={
      Object {
        "base": "base",
        "xs": "hide",
      }
    }
  >
    <Heading
      alignItems="center"
      alignSelf="stretch"
      borderBottom="1px solid"
      borderColor="background.200"
      display={
        Object {
          "base": "none",
          "xs": "flex",
        }
      }
      fontSize="tighter"
      height="24"
      justifyContent="center"
      marginBottom="5"
      marginLeft="2"
      marginRight="2"
    >
      Menu
    </Heading>
    <Button
      _hover={
        Object {
          "bg": "unset",
        }
      }
      bg="unset"
      display="block"
      fontSize="sm"
      fontWeight={
        Object {
          "base": "bold",
          "xs": "normal",
        }
      }
      height={
        Object {
          "base": "100%",
          "xs": "4rem",
        }
      }
      marginBottom={
        Object {
          "base": "0",
          "xs": "2",
        }
      }
      p={
        Object {
          "base": "0",
        }
      }
      textAlign={
        Object {
          "base": "left",
          "xs": "center",
        }
      }
      width={
        Object {
          "base": "13",
          "xs": "100%",
        }
      }
    >
      Contatti
    </Button>
    <Button
      _hover={
        Object {
          "bg": "unset",
        }
      }
      bg="unset"
      display={
        Object {
          "base": "none",
          "xxs": "block",
        }
      }
      fontSize="sm"
      fontWeight={
        Object {
          "base": "bold",
          "xs": "normal",
        }
      }
      height={
        Object {
          "base": "100%",
          "xs": "4rem",
        }
      }
      marginBottom={
        Object {
          "base": "0",
          "xs": "2",
        }
      }
      p={
        Object {
          "base": "0",
        }
      }
      textAlign={
        Object {
          "base": "left",
          "xs": "center",
        }
      }
      width={
        Object {
          "base": "13",
          "xs": "100%",
        }
      }
    >
      Prodotti
    </Button>
    <Button
      _hover={
        Object {
          "bg": "unset",
        }
      }
      bg="unset"
      display={
        Object {
          "base": "none",
          "xxs": "block",
        }
      }
      fontSize="sm"
      fontWeight={
        Object {
          "base": "bold",
          "xs": "normal",
        }
      }
      height={
        Object {
          "base": "100%",
          "xs": "4rem",
        }
      }
      marginBottom={
        Object {
          "base": "0",
          "xs": "2",
        }
      }
      p={
        Object {
          "base": "0",
        }
      }
      textAlign={
        Object {
          "base": "left",
          "xs": "center",
        }
      }
      width={
        Object {
          "base": "13",
          "xs": "100%",
        }
      }
    >
      Offerte
    </Button>
    <Button
      _hover={
        Object {
          "bg": "unset",
        }
      }
      bg="unset"
      display={
        Object {
          "base": "none",
          "xxs": "block",
        }
      }
      fontSize="sm"
      fontWeight={
        Object {
          "base": "bold",
          "xs": "normal",
        }
      }
      height={
        Object {
          "base": "100%",
          "xs": "4rem",
        }
      }
      marginBottom={
        Object {
          "base": "0",
          "xs": "2",
        }
      }
      p={
        Object {
          "base": "0",
        }
      }
      textAlign={
        Object {
          "base": "left",
          "xs": "center",
        }
      }
      width={
        Object {
          "base": "13",
          "xs": "100%",
        }
      }
    >
      Trattamenti
    </Button>
    <Button
      _hover={
        Object {
          "bg": "unset",
        }
      }
      bg="unset"
      display={
        Object {
          "base": "none",
          "xxs": "block",
        }
      }
      fontSize="sm"
      fontWeight={
        Object {
          "base": "bold",
          "xs": "normal",
        }
      }
      height={
        Object {
          "base": "100%",
          "xs": "4rem",
        }
      }
      marginBottom={
        Object {
          "base": "0",
          "xs": "2",
        }
      }
      p={
        Object {
          "base": "0",
        }
      }
      textAlign={
        Object {
          "base": "left",
          "xs": "center",
        }
      }
      width={
        Object {
          "base": "13",
          "xs": "100%",
        }
      }
    >
      Prenotazione
    </Button>
  </Flex>
  <Flex
    alignItems="center"
    flex="1"
    flexDirection="column"
    height="6xl"
    justifyContent="center"
    marginRight="1"
  >
    <Heading
      fontSize={
        Object {
          "mdX": "xl",
          "xs": "lg",
        }
      }
      fontWeight="medium"
      lineHeight={
        Object {
          "md": "wider",
          "xs": "tighter",
        }
      }
    >
      Svetla Estetica
    </Heading>
    <Text
      color="text.400"
      fontSize={
        Object {
          "md": "xs",
          "mdX": "md",
          "xs": "xxs",
        }
      }
    >
      Viale Natale Betelli, 51 - Dalmine (BG)
    </Text>
  </Flex>
  <Button
    _hover={
      Object {
        "bg": "unset",
      }
    }
    bg="unset"
    fontSize={
      Object {
        "lg": "lg",
        "md": "md",
        "xs": "sm",
      }
    }
    height={
      Object {
        "md": "4",
        "xs": "3",
      }
    }
    marginRight="1"
    onClick={[Function]}
    width={
      Object {
        "md": "4",
        "xs": "3",
      }
    }
  >
    <Icon
      icon="search"
    />
  </Button>
  <Button
    _hover={
      Object {
        "bg": "unset",
      }
    }
    bg="unset"
    fontSize={
      Object {
        "lg": "lg",
        "md": "md",
        "xs": "sm",
      }
    }
    height={
      Object {
        "md": "4",
        "xs": "3",
      }
    }
    marginRight="1"
    onClick={[Function]}
    order={
      Object {
        "base": "0",
        "xs": "-1",
      }
    }
    width={
      Object {
        "md": "4",
        "xs": "3",
      }
    }
  >
    <Icon
      icon="user"
    />
  </Button>
  <Button
    _hover={
      Object {
        "bg": "unset",
      }
    }
    bg="unset"
    fontSize={
      Object {
        "lg": "lg",
        "md": "md",
        "xs": "sm",
      }
    }
    height={
      Object {
        "md": "4",
        "xs": "3",
      }
    }
    onClick={[Function]}
    width={
      Object {
        "md": "4",
        "xs": "3",
      }
    }
  >
    <Icon
      icon="shopping-bag"
    />
  </Button>
</Flex>
`;
