// Jest Snapshot v1, https://goo.gl/fbAQLP

exports[`testing Filter should render component 1`] = `
<Box
  color="white"
  fontSize="md"
>
  <Grid
    alignItems="center"
    gap="1rem"
    gridTemplateColumns="repeat(1, max-content)"
    position="relative"
  >
    <Text>
      Filtri:
    </Text>
  </Grid>
</Box>
`;
